123.176.34.155 - - [31/Jan/2017:21:29:17 +0800] "GET /images/poweredby.png HTTP/1.1" 200 3956 "http://gobudgetair.com/" "Mozilla/5.0 (Windows NT 6.1; WOW64) AppleWebKit/537.36 (KHTML, like Gecko) Chrome/55.0.2883.87 Safari/537.36"
175.156.126.209 - - [31/Jan/2017:21:26:12 +0800] "GET /images/poweredby.png HTTP/1.1" 200 3956 "http://gobudgetair.com/" "Mozilla/5.0 (Windows NT 10.0; WOW64; rv:51.0) Gecko/20100101 Firefox/51.0"
123.176.34.155 - - [31/Jan/2017:22:23:31 +0800] "GET / HTTP/1.1" 304 - "-" "Mozilla/5.0 (Windows NT 6.1; WOW64) AppleWebKit/537.36 (KHTML, like Gecko) Chrome/55.0.2883.87 Safari/537.36"
123.176.34.155 - - [31/Jan/2017:21:29:35 +0800] "GET /noindex/css/fonts/Light/OpenSans-Light.woff HTTP/1.1" 404 241 "http://gobudgetair.com/noindex/css/open-sans.css" "Mozilla/5.0 (Windows NT 6.1; WOW64) AppleWebKit/537.36 (KHTML, like Gecko) Chrome/55.0.2883.87 Safari/537.36"
123.176.34.155 - - [31/Jan/2017:21:29:17 +0800] "GET /noindex/css/fonts/Bold/OpenSans-Bold.ttf HTTP/1.1" 404 238 "http://gobudgetair.com/noindex/css/open-sans.css" "Mozilla/5.0 (Windows NT 6.1; WOW64) AppleWebKit/537.36 (KHTML, like Gecko) Chrome/55.0.2883.87 Safari/537.36"
139.162.60.194 - - [31/Jan/2017:21:29:53 +0800] "OPTIONS * HTTP/1.0" 200 - "-" "Apache/2.4.6 (CentOS) (internal dummy connection)"
175.156.126.209 - - [31/Jan/2017:22:36:47 +0800] "GET /assets/b2b/css/b2bcustom.css?cache_breaker=1.0.27012017 HTTP/1.1" 200 69670 "http://gobudgetair.com/index.php" "Mozilla/5.0 (iPhone; CPU iPhone OS 10_2_1 like Mac OS X) AppleWebKit/602.4.6 (KHTML, like Gecko) Version/10.0 Mobile/14D27 Safari/602.1"
175.156.126.209 - - [31/Jan/2017:22:36:43 +0800] "GET /assets/css/new/animate.min.css?cache_breaker=1.0.27012017 HTTP/1.1" 200 59137 "http://gobudgetair.com/index.php" "Mozilla/5.0 (iPhone; CPU iPhone OS 10_2_1 like Mac OS X) AppleWebKit/602.4.6 (KHTML, like Gecko) Version/10.0 Mobile/14D27 Safari/602.1"
175.156.126.209 - - [31/Jan/2017:22:36:42 +0800] "GET /assets/css/new/menu/menu-component.css?cache_breaker=1.0.27012017 HTTP/1.1" 200 57755 "http://gobudgetair.com/index.php" "Mozilla/5.0 (iPhone; CPU iPhone OS 10_2_1 like Mac OS X) AppleWebKit/602.4.6 (KHTML, like Gecko) Version/10.0 Mobile/14D27 Safari/602.1"
175.156.126.209 - - [31/Jan/2017:22:36:58 +0800] "GET /assets/js/new/common/jquery.stellar.min.js?cache_breaker=1.0.27012017 HTTP/1.1" 200 12597 "http://gobudgetair.com/index.php" "Mozilla/5.0 (iPhone; CPU iPhone OS 10_2_1 like Mac OS X) AppleWebKit/602.4.6 (KHTML, like Gecko) Version/10.0 Mobile/14D27 Safari/602.1"
141.8.142.149 - - [31/Jan/2017:21:14:47 +0800] "GET / HTTP/1.1" 403 4897 "-" "Mozilla/5.0 (compatible; YandexBot/3.0; +http://yandex.com/bots)"
123.176.34.155 - - [31/Jan/2017:21:29:35 +0800] "GET /noindex/css/fonts/Bold/OpenSans-Bold.woff HTTP/1.1" 404 239 "http://gobudgetair.com/noindex/css/open-sans.css" "Mozilla/5.0 (Windows NT 6.1; WOW64) AppleWebKit/537.36 (KHTML, like Gecko) Chrome/55.0.2883.87 Safari/537.36"
175.156.126.209 - - [31/Jan/2017:22:36:57 +0800] "GET /assets/sliders/flexslider/jquery.flexslider-min.js?cache_breaker=1.0.27012017 HTTP/1.1" 200 22343 "http://gobudgetair.com/index.php" "Mozilla/5.0 (iPhone; CPU iPhone OS 10_2_1 like Mac OS X) AppleWebKit/602.4.6 (KHTML, like Gecko) Version/10.0 Mobile/14D27 Safari/602.1"
220.181.108.108 - - [31/Jan/2017:21:44:18 +0800] "GET /assets/sliders/flexslider/flexslider.css?cache_breaker=1.0.25012017 HTTP/1.1" 200 5213 "-" "Mozilla/5.0 (compatible; Baiduspider/2.0; +http://www.baidu.com/search/spider.html)"
175.156.126.209 - - [31/Jan/2017:22:36:58 +0800] "GET //assets/admin/plugins/datatables/dataTables.bootstrap.min.js?cache_breaker=1.0.27012017 HTTP/1.1" 200 2065 "http://gobudgetair.com/index.php" "Mozilla/5.0 (iPhone; CPU iPhone OS 10_2_1 like Mac OS X) AppleWebKit/602.4.6 (KHTML, like Gecko) Version/10.0 Mobile/14D27 Safari/602.1"
123.176.34.155 - - [31/Jan/2017:22:22:32 +0800] "GET / HTTP/1.1" 304 - "-" "Mozilla/5.0 (Windows NT 6.1; WOW64) AppleWebKit/537.36 (KHTML, like Gecko) Chrome/55.0.2883.87 Safari/537.36"
123.176.34.155 - - [31/Jan/2017:21:53:55 +0800] "GET /favicon.ico HTTP/1.1" 404 209 "http://139.162.60.194/" "Mozilla/5.0 (Windows NT 6.1; WOW64) AppleWebKit/537.36 (KHTML, like Gecko) Chrome/55.0.2883.87 Safari/537.36"
175.156.126.209 - - [31/Jan/2017:22:24:52 +0800] "GET /index-underconstruction.png HTTP/1.1" 200 104786 "http://gobudgetair.com/" "Mozilla/5.0 (iPhone; CPU iPhone OS 10_2_1 like Mac OS X) AppleWebKit/602.4.6 (KHTML, like Gecko) Version/10.0 Mobile/14D27 Safari/602.1"
175.156.126.209 - - [31/Jan/2017:21:26:12 +0800] "GET /noindex/css/fonts/Bold/OpenSans-Bold.woff HTTP/1.1" 404 239 "http://gobudgetair.com/noindex/css/open-sans.css" "Mozilla/5.0 (Windows NT 10.0; WOW64; rv:51.0) Gecko/20100101 Firefox/51.0"
123.176.34.155 - - [31/Jan/2017:21:29:35 +0800] "GET /noindex/css/fonts/Bold/OpenSans-Bold.ttf HTTP/1.1" 404 238 "http://gobudgetair.com/noindex/css/open-sans.css" "Mozilla/5.0 (Windows NT 6.1; WOW64) AppleWebKit/537.36 (KHTML, like Gecko) Chrome/55.0.2883.87 Safari/537.36"
123.176.34.155 - - [31/Jan/2017:22:26:45 +0800] "GET / HTTP/1.1" 304 - "-" "Mozilla/5.0 (Windows NT 6.1; WOW64) AppleWebKit/537.36 (KHTML, like Gecko) Chrome/55.0.2883.87 Safari/537.36"
175.156.126.209 - - [31/Jan/2017:22:36:46 +0800] "GET /assets/css/new/promotionCountDown.css?cache_breaker=1.0.27012017 HTTP/1.1" 200 5104 "http://gobudgetair.com/index.php" "Mozilla/5.0 (iPhone; CPU iPhone OS 10_2_1 like Mac OS X) AppleWebKit/602.4.6 (KHTML, like Gecko) Version/10.0 Mobile/14D27 Safari/602.1"
180.76.15.135 - - [31/Jan/2017:21:36:33 +0800] "GET / HTTP/1.1" 500 - "-" "Mozilla/5.0 (compatible; Baiduspider/2.0; +http://www.baidu.com/search/spider.html)"
123.176.34.155 - - [31/Jan/2017:22:14:04 +0800] "GET / HTTP/1.1" 200 655 "-" "Mozilla/5.0 (Windows NT 6.1; WOW64) AppleWebKit/537.36 (KHTML, like Gecko) Chrome/55.0.2883.87 Safari/537.36"
175.156.126.209 - - [31/Jan/2017:22:36:43 +0800] "GET /assets/css/new/dropdwn/dropdwn.css?cache_breaker=1.0.27012017 HTTP/1.1" 200 15510 "http://gobudgetair.com/index.php" "Mozilla/5.0 (iPhone; CPU iPhone OS 10_2_1 like Mac OS X) AppleWebKit/602.4.6 (KHTML, like Gecko) Version/10.0 Mobile/14D27 Safari/602.1"
175.156.126.209 - - [31/Jan/2017:22:36:44 +0800] "GET //assets/admin/plugins/datatables/dataTables.bootstrap.css?cache_breaker=1.0.27012017 HTTP/1.1" 200 8843 "http://gobudgetair.com/index.php" "Mozilla/5.0 (iPhone; CPU iPhone OS 10_2_1 like Mac OS X) AppleWebKit/602.4.6 (KHTML, like Gecko) Version/10.0 Mobile/14D27 Safari/602.1"
175.156.126.209 - - [31/Jan/2017:22:36:49 +0800] "GET /assets/js/new/common/validation/jquery.validate.min.js?cache_breaker=1.0.27012017 HTTP/1.1" 200 35167 "http://gobudgetair.com/index.php" "Mozilla/5.0 (iPhone; CPU iPhone OS 10_2_1 like Mac OS X) AppleWebKit/602.4.6 (KHTML, like Gecko) Version/10.0 Mobile/14D27 Safari/602.1"
123.176.34.155 - - [31/Jan/2017:21:29:18 +0800] "GET /favicon.ico HTTP/1.1" 404 209 "http://gobudgetair.com/" "Mozilla/5.0 (Windows NT 6.1; WOW64) AppleWebKit/537.36 (KHTML, like Gecko) Chrome/55.0.2883.87 Safari/537.36"
123.176.34.155 - - [31/Jan/2017:21:29:17 +0800] "GET /images/apache_pb.gif HTTP/1.1" 200 2326 "http://gobudgetair.com/" "Mozilla/5.0 (Windows NT 6.1; WOW64) AppleWebKit/537.36 (KHTML, like Gecko) Chrome/55.0.2883.87 Safari/537.36"
123.176.34.155 - - [31/Jan/2017:22:36:55 +0800] "GET / HTTP/1.1" 200 91607 "-" "Mozilla/5.0 (Windows NT 6.1; WOW64) AppleWebKit/537.36 (KHTML, like Gecko) Chrome/55.0.2883.87 Safari/537.36"
130.193.51.9 - - [31/Jan/2017:21:14:43 +0800] "GET /robots.txt HTTP/1.1" 404 208 "-" "Mozilla/5.0 (compatible; YandexBot/3.0; +http://yandex.com/bots)"
175.156.126.209 - - [31/Jan/2017:21:54:13 +0800] "GET /index.php HTTP/1.1" 500 - "-" "Mozilla/5.0 (Windows NT 10.0; WOW64) AppleWebKit/537.36 (KHTML, like Gecko) Chrome/55.0.2883.87 Safari/537.36"
175.156.126.209 - - [31/Jan/2017:21:39:54 +0800] "GET / HTTP/1.1" 500 - "-" "Mozilla/5.0 (Windows NT 10.0; WOW64) AppleWebKit/537.36 (KHTML, like Gecko) Chrome/55.0.2883.87 Safari/537.36"
175.156.126.209 - - [31/Jan/2017:21:09:47 +0800] "GET /noindex/css/fonts/Light/OpenSans-Light.woff HTTP/1.1" 404 241 "http://139.162.60.194/noindex/css/open-sans.css" "Mozilla/5.0 (Windows NT 10.0; WOW64; rv:51.0) Gecko/20100101 Firefox/51.0"
175.156.126.209 - - [31/Jan/2017:22:36:45 +0800] "GET /assets/css/new/custom.css HTTP/1.1" 200 439358 "http://gobudgetair.com/index.php" "Mozilla/5.0 (iPhone; CPU iPhone OS 10_2_1 like Mac OS X) AppleWebKit/602.4.6 (KHTML, like Gecko) Version/10.0 Mobile/14D27 Safari/602.1"
123.176.34.155 - - [31/Jan/2017:22:32:57 +0800] "GET / HTTP/1.1" 304 - "-" "Mozilla/5.0 (Windows NT 6.1; WOW64) AppleWebKit/537.36 (KHTML, like Gecko) Chrome/55.0.2883.87 Safari/537.36"
175.156.126.209 - - [31/Jan/2017:22:36:44 +0800] "GET /assets/sliders/jquery.bxslider/jquery.bxslider.css?cache_breaker=1.0.27012017 HTTP/1.1" 200 3836 "http://gobudgetair.com/index.php" "Mozilla/5.0 (iPhone; CPU iPhone OS 10_2_1 like Mac OS X) AppleWebKit/602.4.6 (KHTML, like Gecko) Version/10.0 Mobile/14D27 Safari/602.1"
123.176.34.155 - - [31/Jan/2017:21:29:17 +0800] "GET /noindex/css/fonts/Light/OpenSans-Light.woff HTTP/1.1" 404 241 "http://gobudgetair.com/noindex/css/open-sans.css" "Mozilla/5.0 (Windows NT 6.1; WOW64) AppleWebKit/537.36 (KHTML, like Gecko) Chrome/55.0.2883.87 Safari/537.36"
139.162.60.194 - - [31/Jan/2017:21:09:54 +0800] "OPTIONS * HTTP/1.0" 200 - "-" "Apache/2.4.6 (CentOS) (internal dummy connection)"
175.156.126.209 - - [31/Jan/2017:22:36:44 +0800] "GET /assets/css/new/style.css?cache_breaker=1.0.27012017 HTTP/1.1" 200 329296 "http://gobudgetair.com/index.php" "Mozilla/5.0 (iPhone; CPU iPhone OS 10_2_1 like Mac OS X) AppleWebKit/602.4.6 (KHTML, like Gecko) Version/10.0 Mobile/14D27 Safari/602.1"
139.162.60.194 - - [31/Jan/2017:21:09:53 +0800] "OPTIONS * HTTP/1.0" 200 - "-" "Apache/2.4.6 (CentOS) (internal dummy connection)"
175.156.126.209 - - [31/Jan/2017:22:36:57 +0800] "GET //assets/admin/plugins/datatables/jquery.dataTables.min.js?cache_breaker=1.0.27012017 HTTP/1.1" 200 79881 "http://gobudgetair.com/index.php" "Mozilla/5.0 (iPhone; CPU iPhone OS 10_2_1 like Mac OS X) AppleWebKit/602.4.6 (KHTML, like Gecko) Version/10.0 Mobile/14D27 Safari/602.1"
175.156.126.209 - - [31/Jan/2017:22:36:44 +0800] "GET /assets/sliders/flexslider/flexslider.css?cache_breaker=1.0.27012017 HTTP/1.1" 200 5213 "http://gobudgetair.com/index.php" "Mozilla/5.0 (iPhone; CPU iPhone OS 10_2_1 like Mac OS X) AppleWebKit/602.4.6 (KHTML, like Gecko) Version/10.0 Mobile/14D27 Safari/602.1"
175.156.126.209 - - [31/Jan/2017:21:09:47 +0800] "GET /images/apache_pb.gif HTTP/1.1" 200 2326 "http://139.162.60.194/" "Mozilla/5.0 (Windows NT 10.0; WOW64; rv:51.0) Gecko/20100101 Firefox/51.0"
175.156.126.209 - - [31/Jan/2017:22:34:25 +0800] "GET / HTTP/1.1" 200 655 "-" "Mozilla/5.0 (iPhone; CPU iPhone OS 10_2_1 like Mac OS X) AppleWebKit/602.4.6 (KHTML, like Gecko) Version/10.0 Mobile/14D27 Safari/602.1"
175.156.126.209 - - [31/Jan/2017:22:36:44 +0800] "GET /assets/css/new/updates.css?cache_breaker=1.0.27012017 HTTP/1.1" 200 1059 "http://gobudgetair.com/index.php" "Mozilla/5.0 (iPhone; CPU iPhone OS 10_2_1 like Mac OS X) AppleWebKit/602.4.6 (KHTML, like Gecko) Version/10.0 Mobile/14D27 Safari/602.1"
175.156.126.209 - - [31/Jan/2017:21:09:47 +0800] "GET /noindex/css/open-sans.css HTTP/1.1" 200 5081 "http://139.162.60.194/" "Mozilla/5.0 (Windows NT 10.0; WOW64; rv:51.0) Gecko/20100101 Firefox/51.0"
175.156.126.209 - - [31/Jan/2017:22:36:46 +0800] "GET /assets/css/new/responsive.css?cache_breaker=1.0.27012017 HTTP/1.1" 200 21854 "http://gobudgetair.com/index.php" "Mozilla/5.0 (iPhone; CPU iPhone OS 10_2_1 like Mac OS X) AppleWebKit/602.4.6 (KHTML, like Gecko) Version/10.0 Mobile/14D27 Safari/602.1"
123.176.34.155 - - [31/Jan/2017:21:29:17 +0800] "GET /noindex/css/fonts/Bold/OpenSans-Bold.woff HTTP/1.1" 404 239 "http://gobudgetair.com/noindex/css/open-sans.css" "Mozilla/5.0 (Windows NT 6.1; WOW64) AppleWebKit/537.36 (KHTML, like Gecko) Chrome/55.0.2883.87 Safari/537.36"
123.176.34.155 - - [31/Jan/2017:22:24:52 +0800] "GET / HTTP/1.1" 304 - "-" "Mozilla/5.0 (Windows NT 6.1; WOW64) AppleWebKit/537.36 (KHTML, like Gecko) Chrome/55.0.2883.87 Safari/537.36"
123.176.34.155 - - [31/Jan/2017:22:24:55 +0800] "GET / HTTP/1.1" 304 - "-" "Mozilla/5.0 (Windows NT 6.1; WOW64) AppleWebKit/537.36 (KHTML, like Gecko) Chrome/55.0.2883.87 Safari/537.36"
175.156.126.209 - - [31/Jan/2017:22:36:44 +0800] "GET /assets/css/new/tab/tabstyles.css?cache_breaker=1.0.27012017 HTTP/1.1" 200 19875 "http://gobudgetair.com/index.php" "Mozilla/5.0 (iPhone; CPU iPhone OS 10_2_1 like Mac OS X) AppleWebKit/602.4.6 (KHTML, like Gecko) Version/10.0 Mobile/14D27 Safari/602.1"
175.156.126.209 - - [31/Jan/2017:21:49:15 +0800] "GET / HTTP/1.1" 200 655 "-" "Mozilla/5.0 (Windows NT 10.0; WOW64) AppleWebKit/537.36 (KHTML, like Gecko) Chrome/55.0.2883.87 Safari/537.36"
175.156.126.209 - - [31/Jan/2017:22:36:48 +0800] "GET /assets/css/new/jquerysctipttop.css?cache_breaker=1.0.27012017 HTTP/1.1" 200 776 "http://gobudgetair.com/index.php" "Mozilla/5.0 (iPhone; CPU iPhone OS 10_2_1 like Mac OS X) AppleWebKit/602.4.6 (KHTML, like Gecko) Version/10.0 Mobile/14D27 Safari/602.1"
180.76.15.153 - - [31/Jan/2017:22:36:31 +0800] "GET / HTTP/1.1" 200 655 "-" "Mozilla/5.0 (compatible; Baiduspider/2.0; +http://www.baidu.com/search/spider.html)"
175.156.126.209 - - [31/Jan/2017:21:09:47 +0800] "GET /noindex/css/bootstrap.min.css HTTP/1.1" 200 19341 "http://139.162.60.194/" "Mozilla/5.0 (Windows NT 10.0; WOW64; rv:51.0) Gecko/20100101 Firefox/51.0"
123.176.34.155 - - [31/Jan/2017:22:14:05 +0800] "GET /index-underconstruction.png HTTP/1.1" 200 104786 "http://gobudgetair.com/" "Mozilla/5.0 (Windows NT 6.1; WOW64) AppleWebKit/537.36 (KHTML, like Gecko) Chrome/55.0.2883.87 Safari/537.36"
175.156.126.209 - - [31/Jan/2017:22:36:42 +0800] "GET /assets/css/new/bootstrap.min.css?cache_breaker=1.0.27012017 HTTP/1.1" 200 100505 "http://gobudgetair.com/index.php" "Mozilla/5.0 (iPhone; CPU iPhone OS 10_2_1 like Mac OS X) AppleWebKit/602.4.6 (KHTML, like Gecko) Version/10.0 Mobile/14D27 Safari/602.1"
123.176.34.155 - - [31/Jan/2017:21:29:17 +0800] "GET /noindex/css/bootstrap.min.css HTTP/1.1" 200 19341 "http://gobudgetair.com/" "Mozilla/5.0 (Windows NT 6.1; WOW64) AppleWebKit/537.36 (KHTML, like Gecko) Chrome/55.0.2883.87 Safari/537.36"
175.156.126.209 - - [31/Jan/2017:22:36:55 +0800] "GET /assets/js/new/common/waypoints.min.js?cache_breaker=1.0.27012017 HTTP/1.1" 200 8044 "http://gobudgetair.com/index.php" "Mozilla/5.0 (iPhone; CPU iPhone OS 10_2_1 like Mac OS X) AppleWebKit/602.4.6 (KHTML, like Gecko) Version/10.0 Mobile/14D27 Safari/602.1"
175.156.126.209 - - [31/Jan/2017:22:36:55 +0800] "GET /assets/sliders/jquery.bxslider/jquery.bxslider.min.js?cache_breaker=1.0.27012017 HTTP/1.1" 200 19359 "http://gobudgetair.com/index.php" "Mozilla/5.0 (iPhone; CPU iPhone OS 10_2_1 like Mac OS X) AppleWebKit/602.4.6 (KHTML, like Gecko) Version/10.0 Mobile/14D27 Safari/602.1"
175.156.126.209 - - [31/Jan/2017:21:40:34 +0800] "GET /testinfo.php HTTP/1.1" 404 210 "-" "Mozilla/5.0 (Windows NT 10.0; WOW64) AppleWebKit/537.36 (KHTML, like Gecko) Chrome/55.0.2883.87 Safari/537.36"
180.76.15.8 - - [31/Jan/2017:22:35:38 +0800] "GET / HTTP/1.1" 200 655 "-" "Mozilla/5.0 (compatible; Baiduspider/2.0; +http://www.baidu.com/search/spider.html)"
175.156.126.209 - - [31/Jan/2017:22:36:49 +0800] "GET /assets/js/new/common/jquery-ui.1.10.4.min.js?cache_breaker=1.0.27012017 HTTP/1.1" 200 228571 "http://gobudgetair.com/index.php" "Mozilla/5.0 (iPhone; CPU iPhone OS 10_2_1 like Mac OS X) AppleWebKit/602.4.6 (KHTML, like Gecko) Version/10.0 Mobile/14D27 Safari/602.1"
175.156.126.209 - - [31/Jan/2017:22:36:44 +0800] "GET /assets/sliders/revolution_slider/css/style.css?cache_breaker=1.0.27012017 HTTP/1.1" 200 7332 "http://gobudgetair.com/index.php" "Mozilla/5.0 (iPhone; CPU iPhone OS 10_2_1 like Mac OS X) AppleWebKit/602.4.6 (KHTML, like Gecko) Version/10.0 Mobile/14D27 Safari/602.1"
175.156.126.209 - - [31/Jan/2017:21:26:12 +0800] "GET /noindex/css/fonts/Light/OpenSans-Light.woff HTTP/1.1" 404 241 "http://gobudgetair.com/noindex/css/open-sans.css" "Mozilla/5.0 (Windows NT 10.0; WOW64; rv:51.0) Gecko/20100101 Firefox/51.0"
175.156.126.209 - - [31/Jan/2017:21:41:27 +0800] "-" 408 - "-" "-"
211.0.145.108 - - [31/Jan/2017:22:13:58 +0800] "GET / HTTP/1.1" 200 655 "-" "Mozilla/5.0 (Windows NT 5.1; rv:6.0.2) Gecko/20100101 Firefox/6.0.2"
123.176.34.155 - - [31/Jan/2017:22:32:56 +0800] "GET / HTTP/1.1" 304 - "-" "Mozilla/5.0 (Windows NT 6.1; WOW64) AppleWebKit/537.36 (KHTML, like Gecko) Chrome/55.0.2883.87 Safari/537.36"
139.162.60.194 - - [31/Jan/2017:21:31:32 +0800] "OPTIONS * HTTP/1.0" 200 - "-" "Apache/2.4.6 (CentOS) (internal dummy connection)"
175.156.126.209 - - [31/Jan/2017:22:36:52 +0800] "GET /assets/sliders/revolution_slider/js/jquery.themepunch.plugins.min.js?cache_breaker=1.0.27012017 HTTP/1.1" 200 93235 "http://gobudgetair.com/index.php" "Mozilla/5.0 (iPhone; CPU iPhone OS 10_2_1 like Mac OS X) AppleWebKit/602.4.6 (KHTML, like Gecko) Version/10.0 Mobile/14D27 Safari/602.1"
175.156.126.209 - - [31/Jan/2017:22:36:43 +0800] "GET /assets/css/new/font-awesome.min.css?cache_breaker=1.0.27012017 HTTP/1.1" 200 27484 "http://gobudgetair.com/index.php" "Mozilla/5.0 (iPhone; CPU iPhone OS 10_2_1 like Mac OS X) AppleWebKit/602.4.6 (KHTML, like Gecko) Version/10.0 Mobile/14D27 Safari/602.1"
175.156.126.209 - - [31/Jan/2017:21:26:12 +0800] "GET / HTTP/1.1" 403 4897 "-" "Mozilla/5.0 (Windows NT 10.0; WOW64; rv:51.0) Gecko/20100101 Firefox/51.0"
175.156.126.209 - - [31/Jan/2017:22:36:49 +0800] "GET /assets/js/new/common/validation/additional-methods.min.js?cache_breaker=1.0.27012017 HTTP/1.1" 200 17740 "http://gobudgetair.com/index.php" "Mozilla/5.0 (iPhone; CPU iPhone OS 10_2_1 like Mac OS X) AppleWebKit/602.4.6 (KHTML, like Gecko) Version/10.0 Mobile/14D27 Safari/602.1"
175.156.126.209 - - [31/Jan/2017:21:49:15 +0800] "GET /index-underconstruction.png HTTP/1.1" 200 104786 "http://gobudgetair.com/" "Mozilla/5.0 (Windows NT 10.0; WOW64) AppleWebKit/537.36 (KHTML, like Gecko) Chrome/55.0.2883.87 Safari/537.36"
175.156.126.209 - - [31/Jan/2017:21:26:12 +0800] "GET /noindex/css/fonts/Bold/OpenSans-Bold.ttf HTTP/1.1" 404 238 "http://gobudgetair.com/noindex/css/open-sans.css" "Mozilla/5.0 (Windows NT 10.0; WOW64; rv:51.0) Gecko/20100101 Firefox/51.0"
180.76.15.18 - - [31/Jan/2017:21:35:38 +0800] "GET / HTTP/1.1" 500 - "-" "Mozilla/5.0 (compatible; Baiduspider/2.0; +http://www.baidu.com/search/spider.html)"
139.162.60.194 - - [31/Jan/2017:21:40:41 +0800] "OPTIONS * HTTP/1.0" 200 - "-" "Apache/2.4.6 (CentOS) PHP/5.6.30 (internal dummy connection)"
175.156.126.209 - - [31/Jan/2017:22:36:44 +0800] "GET /assets/css/new/tab/tabs.css?cache_breaker=1.0.27012017 HTTP/1.1" 200 2290 "http://gobudgetair.com/index.php" "Mozilla/5.0 (iPhone; CPU iPhone OS 10_2_1 like Mac OS X) AppleWebKit/602.4.6 (KHTML, like Gecko) Version/10.0 Mobile/14D27 Safari/602.1"
123.176.34.155 - - [31/Jan/2017:21:29:17 +0800] "GET /noindex/css/open-sans.css HTTP/1.1" 200 5081 "http://gobudgetair.com/" "Mozilla/5.0 (Windows NT 6.1; WOW64) AppleWebKit/537.36 (KHTML, like Gecko) Chrome/55.0.2883.87 Safari/537.36"
175.156.126.209 - - [31/Jan/2017:21:26:12 +0800] "GET /noindex/css/bootstrap.min.css HTTP/1.1" 200 19341 "http://gobudgetair.com/" "Mozilla/5.0 (Windows NT 10.0; WOW64; rv:51.0) Gecko/20100101 Firefox/51.0"
123.176.34.155 - - [31/Jan/2017:22:24:53 +0800] "GET / HTTP/1.1" 304 - "-" "Mozilla/5.0 (Windows NT 6.1; WOW64) AppleWebKit/537.36 (KHTML, like Gecko) Chrome/55.0.2883.87 Safari/537.36"
175.156.126.209 - - [31/Jan/2017:22:36:40 +0800] "GET /index.php HTTP/1.1" 200 91607 "-" "Mozilla/5.0 (iPhone; CPU iPhone OS 10_2_1 like Mac OS X) AppleWebKit/602.4.6 (KHTML, like Gecko) Version/10.0 Mobile/14D27 Safari/602.1"
175.156.126.209 - - [31/Jan/2017:22:36:48 +0800] "GET /assets/b2b/css/jquery-te-1.4.0.css HTTP/1.1" 200 9613 "http://gobudgetair.com/index.php" "Mozilla/5.0 (iPhone; CPU iPhone OS 10_2_1 like Mac OS X) AppleWebKit/602.4.6 (KHTML, like Gecko) Version/10.0 Mobile/14D27 Safari/602.1"
175.156.126.209 - - [31/Jan/2017:21:39:44 +0800] "GET / HTTP/1.1" 500 - "-" "Mozilla/5.0 (Windows NT 10.0; WOW64) AppleWebKit/537.36 (KHTML, like Gecko) Chrome/55.0.2883.87 Safari/537.36"
175.156.126.209 - - [31/Jan/2017:22:36:50 +0800] "GET /assets/js/new/common/jquery.noconflict.js?cache_breaker=1.0.27012017 HTTP/1.1" 200 27 "http://gobudgetair.com/index.php" "Mozilla/5.0 (iPhone; CPU iPhone OS 10_2_1 like Mac OS X) AppleWebKit/602.4.6 (KHTML, like Gecko) Version/10.0 Mobile/14D27 Safari/602.1"
123.176.34.155 - - [31/Jan/2017:22:24:54 +0800] "GET / HTTP/1.1" 304 - "-" "Mozilla/5.0 (Windows NT 6.1; WOW64) AppleWebKit/537.36 (KHTML, like Gecko) Chrome/55.0.2883.87 Safari/537.36"
123.176.34.155 - - [31/Jan/2017:21:29:35 +0800] "GET /noindex/css/fonts/Light/OpenSans-Light.ttf HTTP/1.1" 404 240 "http://gobudgetair.com/noindex/css/open-sans.css" "Mozilla/5.0 (Windows NT 6.1; WOW64) AppleWebKit/537.36 (KHTML, like Gecko) Chrome/55.0.2883.87 Safari/537.36"
123.176.34.155 - - [31/Jan/2017:21:29:17 +0800] "GET /noindex/css/fonts/Light/OpenSans-Light.ttf HTTP/1.1" 404 240 "http://gobudgetair.com/noindex/css/open-sans.css" "Mozilla/5.0 (Windows NT 6.1; WOW64) AppleWebKit/537.36 (KHTML, like Gecko) Chrome/55.0.2883.87 Safari/537.36"
175.156.126.209 - - [31/Jan/2017:21:09:47 +0800] "GET /noindex/css/fonts/Light/OpenSans-Light.ttf HTTP/1.1" 404 240 "http://139.162.60.194/noindex/css/open-sans.css" "Mozilla/5.0 (Windows NT 10.0; WOW64; rv:51.0) Gecko/20100101 Firefox/51.0"
123.176.34.155 - - [31/Jan/2017:22:30:43 +0800] "GET / HTTP/1.1" 304 - "-" "Mozilla/5.0 (Windows NT 6.1; WOW64) AppleWebKit/537.36 (KHTML, like Gecko) Chrome/55.0.2883.87 Safari/537.36"
123.176.34.155 - - [31/Jan/2017:22:34:03 +0800] "GET / HTTP/1.1" 304 - "-" "Mozilla/5.0 (Windows NT 6.1; WOW64) AppleWebKit/537.36 (KHTML, like Gecko) Chrome/55.0.2883.87 Safari/537.36"
175.156.126.209 - - [31/Jan/2017:21:42:05 +0800] "GET / HTTP/1.1" 500 - "-" "Mozilla/5.0 (Windows NT 10.0; WOW64) AppleWebKit/537.36 (KHTML, like Gecko) Chrome/55.0.2883.87 Safari/537.36"
123.176.34.155 - - [31/Jan/2017:21:29:35 +0800] "GET / HTTP/1.1" 403 4897 "-" "Mozilla/5.0 (Windows NT 6.1; WOW64) AppleWebKit/537.36 (KHTML, like Gecko) Chrome/55.0.2883.87 Safari/537.36"
175.156.126.209 - - [31/Jan/2017:21:09:47 +0800] "GET /noindex/css/fonts/Bold/OpenSans-Bold.ttf HTTP/1.1" 404 238 "http://139.162.60.194/noindex/css/open-sans.css" "Mozilla/5.0 (Windows NT 10.0; WOW64; rv:51.0) Gecko/20100101 Firefox/51.0"
175.156.126.209 - - [31/Jan/2017:21:41:37 +0800] "GET / HTTP/1.1" 500 - "-" "Mozilla/5.0 (Windows NT 10.0; WOW64) AppleWebKit/537.36 (KHTML, like Gecko) Chrome/55.0.2883.87 Safari/537.36"
175.156.126.209 - - [31/Jan/2017:21:09:47 +0800] "GET /images/poweredby.png HTTP/1.1" 200 3956 "http://139.162.60.194/" "Mozilla/5.0 (Windows NT 10.0; WOW64; rv:51.0) Gecko/20100101 Firefox/51.0"
123.176.34.155 - - [31/Jan/2017:21:29:17 +0800] "GET / HTTP/1.1" 403 4897 "-" "Mozilla/5.0 (Windows NT 6.1; WOW64) AppleWebKit/537.36 (KHTML, like Gecko) Chrome/55.0.2883.87 Safari/537.36"
123.176.34.155 - - [31/Jan/2017:22:24:56 +0800] "GET / HTTP/1.1" 304 - "-" "Mozilla/5.0 (Windows NT 6.1; WOW64) AppleWebKit/537.36 (KHTML, like Gecko) Chrome/55.0.2883.87 Safari/537.36"
175.156.126.209 - - [31/Jan/2017:22:36:47 +0800] "GET /assets/b2b/plugin/validateEngine/validationEngine.jquery.css HTTP/1.1" 200 3332 "http://gobudgetair.com/index.php" "Mozilla/5.0 (iPhone; CPU iPhone OS 10_2_1 like Mac OS X) AppleWebKit/602.4.6 (KHTML, like Gecko) Version/10.0 Mobile/14D27 Safari/602.1"
175.156.126.209 - - [31/Jan/2017:21:26:12 +0800] "GET /noindex/css/fonts/Light/OpenSans-Light.ttf HTTP/1.1" 404 240 "http://gobudgetair.com/noindex/css/open-sans.css" "Mozilla/5.0 (Windows NT 10.0; WOW64; rv:51.0) Gecko/20100101 Firefox/51.0"
175.156.126.209 - - [31/Jan/2017:22:36:50 +0800] "GET /assets/js/new/common/facebook.js?cache_breaker=1.0.27012017 HTTP/1.1" 200 179524 "http://gobudgetair.com/index.php" "Mozilla/5.0 (iPhone; CPU iPhone OS 10_2_1 like Mac OS X) AppleWebKit/602.4.6 (KHTML, like Gecko) Version/10.0 Mobile/14D27 Safari/602.1"
139.162.60.194 - - [31/Jan/2017:21:39:33 +0800] "OPTIONS * HTTP/1.0" 200 - "-" "Apache/2.4.6 (CentOS) PHP/5.6.30 (internal dummy connection)"
175.156.126.209 - - [31/Jan/2017:21:39:53 +0800] "GET / HTTP/1.1" 500 - "-" "Mozilla/5.0 (Windows NT 10.0; WOW64) AppleWebKit/537.36 (KHTML, like Gecko) Chrome/55.0.2883.87 Safari/537.36"
123.176.34.155 - - [31/Jan/2017:22:36:57 +0800] "GET /assets/images/favicon.png HTTP/1.1" 200 5390 "http://gobudgetair.com/" "Mozilla/5.0 (Windows NT 6.1; WOW64) AppleWebKit/537.36 (KHTML, like Gecko) Chrome/55.0.2883.87 Safari/537.36"
175.156.126.209 - - [31/Jan/2017:22:36:45 +0800] "GET /assets/css/new/gbaScroll.css HTTP/1.1" 200 55006 "http://gobudgetair.com/index.php" "Mozilla/5.0 (iPhone; CPU iPhone OS 10_2_1 like Mac OS X) AppleWebKit/602.4.6 (KHTML, like Gecko) Version/10.0 Mobile/14D27 Safari/602.1"
175.156.126.209 - - [31/Jan/2017:22:36:48 +0800] "GET /assets/js/new/common/jquery-1.11.1.min.js?cache_breaker=1.0.27012017 HTTP/1.1" 200 95786 "http://gobudgetair.com/index.php" "Mozilla/5.0 (iPhone; CPU iPhone OS 10_2_1 like Mac OS X) AppleWebKit/602.4.6 (KHTML, like Gecko) Version/10.0 Mobile/14D27 Safari/602.1"
175.156.126.209 - - [31/Jan/2017:21:42:57 +0800] "-" 408 - "-" "-"
175.156.126.209 - - [31/Jan/2017:22:36:45 +0800] "GET /assets/css/new/prettyPhoto.css?cache_breaker=1.0.27012017 HTTP/1.1" 200 27463 "http://gobudgetair.com/index.php" "Mozilla/5.0 (iPhone; CPU iPhone OS 10_2_1 like Mac OS X) AppleWebKit/602.4.6 (KHTML, like Gecko) Version/10.0 Mobile/14D27 Safari/602.1"
175.156.126.209 - - [31/Jan/2017:21:26:12 +0800] "GET /noindex/css/open-sans.css HTTP/1.1" 200 5081 "http://gobudgetair.com/" "Mozilla/5.0 (Windows NT 10.0; WOW64; rv:51.0) Gecko/20100101 Firefox/51.0"
123.176.34.155 - - [31/Jan/2017:22:35:10 +0800] "GET / HTTP/1.1" 304 - "-" "Mozilla/5.0 (Windows NT 6.1; WOW64) AppleWebKit/537.36 (KHTML, like Gecko) Chrome/55.0.2883.87 Safari/537.36"
175.156.126.209 - - [31/Jan/2017:21:09:47 +0800] "GET / HTTP/1.1" 403 4897 "-" "Mozilla/5.0 (Windows NT 10.0; WOW64; rv:51.0) Gecko/20100101 Firefox/51.0"
175.156.126.209 - - [31/Jan/2017:22:36:44 +0800] "GET /assets/sliders/revolution_slider/css/settings.css?cache_breaker=1.0.27012017 HTTP/1.1" 200 72034 "http://gobudgetair.com/index.php" "Mozilla/5.0 (iPhone; CPU iPhone OS 10_2_1 like Mac OS X) AppleWebKit/602.4.6 (KHTML, like Gecko) Version/10.0 Mobile/14D27 Safari/602.1"
175.156.126.209 - - [31/Jan/2017:22:24:52 +0800] "GET / HTTP/1.1" 200 655 "-" "Mozilla/5.0 (iPhone; CPU iPhone OS 10_2_1 like Mac OS X) AppleWebKit/602.4.6 (KHTML, like Gecko) Version/10.0 Mobile/14D27 Safari/602.1"
175.156.126.209 - - [31/Jan/2017:21:09:47 +0800] "GET /noindex/css/fonts/Bold/OpenSans-Bold.woff HTTP/1.1" 404 239 "http://139.162.60.194/noindex/css/open-sans.css" "Mozilla/5.0 (Windows NT 10.0; WOW64; rv:51.0) Gecko/20100101 Firefox/51.0"
139.162.60.194 - - [31/Jan/2017:21:40:34 +0800] "OPTIONS * HTTP/1.0" 200 - "-" "Apache/2.4.6 (CentOS) PHP/5.6.30 (internal dummy connection)"
139.162.60.194 - - [31/Jan/2017:21:40:36 +0800] "OPTIONS * HTTP/1.0" 200 - "-" "Apache/2.4.6 (CentOS) PHP/5.6.30 (internal dummy connection)"
175.156.126.209 - - [31/Jan/2017:21:09:47 +0800] "GET /favicon.ico HTTP/1.1" 404 209 "-" "Mozilla/5.0 (Windows NT 10.0; WOW64; rv:51.0) Gecko/20100101 Firefox/51.0"
123.176.34.155 - - [31/Jan/2017:21:53:55 +0800] "GET / HTTP/1.1" 200 655 "-" "Mozilla/5.0 (Windows NT 6.1; WOW64) AppleWebKit/537.36 (KHTML, like Gecko) Chrome/55.0.2883.87 Safari/537.36"
123.176.34.155 - - [31/Jan/2017:21:53:55 +0800] "GET /index-underconstruction.png HTTP/1.1" 200 104786 "http://139.162.60.194/" "Mozilla/5.0 (Windows NT 6.1; WOW64) AppleWebKit/537.36 (KHTML, like Gecko) Chrome/55.0.2883.87 Safari/537.36"
139.162.60.194 - - [31/Jan/2017:21:40:35 +0800] "OPTIONS * HTTP/1.0" 200 - "-" "Apache/2.4.6 (CentOS) PHP/5.6.30 (internal dummy connection)"
175.156.126.209 - - [31/Jan/2017:22:34:25 +0800] "GET /index-underconstruction.png HTTP/1.1" 200 104786 "http://gobudgetair.com/" "Mozilla/5.0 (iPhone; CPU iPhone OS 10_2_1 like Mac OS X) AppleWebKit/602.4.6 (KHTML, like Gecko) Version/10.0 Mobile/14D27 Safari/602.1"
175.156.126.209 - - [31/Jan/2017:21:43:01 +0800] "GET / HTTP/1.1" 500 - "-" "Mozilla/5.0 (Windows NT 10.0; WOW64) AppleWebKit/537.36 (KHTML, like Gecko) Chrome/55.0.2883.87 Safari/537.36"
175.156.126.209 - - [31/Jan/2017:21:41:34 +0800] "GET / HTTP/1.1" 500 - "-" "Mozilla/5.0 (Windows NT 10.0; WOW64) AppleWebKit/537.36 (KHTML, like Gecko) Chrome/55.0.2883.87 Safari/537.36"
175.156.126.209 - - [31/Jan/2017:21:26:12 +0800] "GET /images/apache_pb.gif HTTP/1.1" 200 2326 "http://gobudgetair.com/" "Mozilla/5.0 (Windows NT 10.0; WOW64; rv:51.0) Gecko/20100101 Firefox/51.0"

